/home/ubuntu/aum_venv/lib/python3.10/site-packages/huggingface_hub/file_download.py:949: FutureWarning: `resume_download` is deprecated and will be removed in version 1.0.0. Downloads always resume when possible. If you want to force a new download, use `force_download=True`.
  warnings.warn(
/home/ubuntu/aum_venv/lib/python3.10/site-packages/torch/nn/modules/conv.py:456: UserWarning: Applied workaround for CuDNN issue, install nvrtc.so (Triggered internally at ../aten/src/ATen/native/cudnn/Conv_v8.cpp:80.)
  return F.conv2d(input, weight, bias, self.stride,
=== w8a16: quantized 73 Linear layers (weights={'bits': 8, 'granularity': 'per_channel', 'symmetric': True}, activations={'bits': None}) ===
  length=native n=35 frames=128 acc=1.0000 elapsed_s=1.4
  length=20 n=105 frames=1998 acc=0.6095 elapsed_s=8.4
  length=40 n=105 frames=3998 acc=0.4000 elapsed_s=24.1
  length=80 n=105 frames=7998 acc=0.1810 elapsed_s=88.3
  length=160 n=105 frames=15998 acc=0.0286 elapsed_s=345.1
  (w8a16 total: 469.9s)
=== w4a16: quantized 73 Linear layers (weights={'bits': 4, 'granularity': 'per_channel', 'symmetric': True}, activations={'bits': None}) ===
  length=native n=35 frames=128 acc=1.0000 elapsed_s=0.7
  length=20 n=105 frames=1998 acc=0.6000 elapsed_s=8.4
  length=40 n=105 frames=3998 acc=0.2952 elapsed_s=24.3
  length=80 n=105 frames=7998 acc=0.1143 elapsed_s=88.5
  length=160 n=105 frames=15998 acc=0.0190 elapsed_s=345.3
  (w4a16 total: 469.0s)
=== w8a8_per_tensor_seed0: quantized 73 Linear layers (weights={'bits': 8, 'granularity': 'per_channel', 'symmetric': True}, activations={'bits': 8, 'granularity': 'per_tensor', 'symmetric': True}) ===
  length=native n=35 frames=128 acc=1.0000 elapsed_s=1.1
  length=20 n=105 frames=1998 acc=0.6381 elapsed_s=9.4
  length=40 n=105 frames=3998 acc=0.3524 elapsed_s=26.2
  length=80 n=105 frames=7998 acc=0.1810 elapsed_s=92.3
  length=160 n=105 frames=15998 acc=0.0381 elapsed_s=354.5
  (w8a8_per_tensor_seed0 total: 492.7s)
=== w8a8_per_tensor_seed1: quantized 73 Linear layers (weights={'bits': 8, 'granularity': 'per_channel', 'symmetric': True}, activations={'bits': 8, 'granularity': 'per_tensor', 'symmetric': True}) ===
  length=native n=35 frames=128 acc=1.0000 elapsed_s=1.1
  length=20 n=105 frames=1998 acc=0.6095 elapsed_s=9.2
  length=40 n=105 frames=3998 acc=0.3429 elapsed_s=26.1
  length=80 n=105 frames=7998 acc=0.1714 elapsed_s=92.1
  length=160 n=105 frames=15998 acc=0.0286 elapsed_s=351.7
  (w8a8_per_tensor_seed1 total: 491.0s)
=== w8a8_per_tensor_seed2: quantized 73 Linear layers (weights={'bits': 8, 'granularity': 'per_channel', 'symmetric': True}, activations={'bits': 8, 'granularity': 'per_tensor', 'symmetric': True}) ===
  length=native n=35 frames=128 acc=1.0000 elapsed_s=1.3
  length=20 n=105 frames=1998 acc=0.6095 elapsed_s=9.3
  length=40 n=105 frames=3998 acc=0.3619 elapsed_s=25.9
  length=80 n=105 frames=7998 acc=0.1810 elapsed_s=92.1
  length=160 n=105 frames=15998 acc=0.0286 elapsed_s=351.7
  (w8a8_per_tensor_seed2 total: 490.1s)
=== w8a8_per_token: quantized 73 Linear layers (weights={'bits': 8, 'granularity': 'per_channel', 'symmetric': True}, activations={'bits': 8, 'granularity': 'per_token', 'symmetric': True}) ===
  length=native n=35 frames=128 acc=1.0000 elapsed_s=1.8
  length=20 n=105 frames=1998 acc=0.6190 elapsed_s=9.7
  length=40 n=105 frames=3998 acc=0.3905 elapsed_s=26.8
  length=80 n=105 frames=7998 acc=0.1810 elapsed_s=93.9
  length=160 n=105 frames=15998 acc=0.0286 elapsed_s=354.7
  (w8a8_per_token total: 488.9s)
Wrote 2730 rows to /home/ubuntu/audio-ssm-quant/results/phase3_ast_quantized_1pc.jsonl

[exited with code 0]
